------------------------------------------------------------
Timing Analyzer Summary
------------------------------------------------------------

Type  : Slow 1100mV 85C Model Setup 'KEY[0]'
Slack : -4.175
TNS   : -144.414

Type  : Slow 1100mV 85C Model Setup 'CLOCK_50'
Slack : -2.780
TNS   : -2.780

Type  : Slow 1100mV 85C Model Hold 'KEY[0]'
Slack : 0.456
TNS   : 0.000

Type  : Slow 1100mV 85C Model Hold 'CLOCK_50'
Slack : 0.720
TNS   : 0.000

Type  : Slow 1100mV 85C Model Minimum Pulse Width 'KEY[0]'
Slack : -0.731
TNS   : -60.853

Type  : Slow 1100mV 85C Model Minimum Pulse Width 'CLOCK_50'
Slack : -0.730
TNS   : -1.268

Type  : Slow 1100mV 0C Model Setup 'KEY[0]'
Slack : -4.141
TNS   : -145.776

Type  : Slow 1100mV 0C Model Setup 'CLOCK_50'
Slack : -2.731
TNS   : -2.731

Type  : Slow 1100mV 0C Model Hold 'KEY[0]'
Slack : 0.459
TNS   : 0.000

Type  : Slow 1100mV 0C Model Hold 'CLOCK_50'
Slack : 0.554
TNS   : 0.000

Type  : Slow 1100mV 0C Model Minimum Pulse Width 'CLOCK_50'
Slack : -0.724
TNS   : -1.275

Type  : Slow 1100mV 0C Model Minimum Pulse Width 'KEY[0]'
Slack : -0.668
TNS   : -58.818

Type  : Fast 1100mV 85C Model Setup 'KEY[0]'
Slack : -2.467
TNS   : -62.915

Type  : Fast 1100mV 85C Model Setup 'CLOCK_50'
Slack : -2.174
TNS   : -2.174

Type  : Fast 1100mV 85C Model Hold 'KEY[0]'
Slack : 0.152
TNS   : 0.000

Type  : Fast 1100mV 85C Model Hold 'CLOCK_50'
Slack : 0.232
TNS   : 0.000

Type  : Fast 1100mV 85C Model Minimum Pulse Width 'CLOCK_50'
Slack : -0.771
TNS   : -1.355

Type  : Fast 1100mV 85C Model Minimum Pulse Width 'KEY[0]'
Slack : -0.716
TNS   : -56.829

Type  : Fast 1100mV 0C Model Setup 'KEY[0]'
Slack : -2.351
TNS   : -57.756

Type  : Fast 1100mV 0C Model Setup 'CLOCK_50'
Slack : -2.060
TNS   : -2.060

Type  : Fast 1100mV 0C Model Hold 'CLOCK_50'
Slack : 0.117
TNS   : 0.000

Type  : Fast 1100mV 0C Model Hold 'KEY[0]'
Slack : 0.133
TNS   : 0.000

Type  : Fast 1100mV 0C Model Minimum Pulse Width 'CLOCK_50'
Slack : -0.766
TNS   : -1.403

Type  : Fast 1100mV 0C Model Minimum Pulse Width 'KEY[0]'
Slack : -0.751
TNS   : -59.847

------------------------------------------------------------
