Analysis & Elaboration report for MIPS
Tue Nov 15 13:34:02 2022
Quartus Prime Version 20.1.0 Build 711 06/05/2020 SJ Lite Edition


---------------------
; Table of Contents ;
---------------------
  1. Legal Notice
  2. Analysis & Elaboration Summary
  3. Parallel Compilation
  4. Parameter Settings for User Entity Instance: Top-level Entity: |MIPS
  5. Parameter Settings for User Entity Instance: muxGenerico2x1:MUX_PC
  6. Parameter Settings for User Entity Instance: registradorGenerico:PC
  7. Parameter Settings for User Entity Instance: somaConstante:somaConstante
  8. Parameter Settings for User Entity Instance: deslocadorGenerico:deslocador_2_MUX_PC
  9. Parameter Settings for User Entity Instance: ROMMIPS:ROM
 10. Parameter Settings for User Entity Instance: muxGenerico2x1:MUX_REG_BANK
 11. Parameter Settings for User Entity Instance: estendeSinalGenerico:ESTENDE_SINAL
 12. Parameter Settings for User Entity Instance: bancoReg:BANCOREG
 13. Parameter Settings for User Entity Instance: deslocadorGenerico:deslocador_2_somador
 14. Parameter Settings for User Entity Instance: somadorGenerico:somador
 15. Parameter Settings for User Entity Instance: muxGenerico2x1:MUX_2_MUX_PC
 16. Parameter Settings for User Entity Instance: muxGenerico2x1:MUX_ULA
 17. Parameter Settings for User Entity Instance: ULASomaSub:ULA
 18. Parameter Settings for User Entity Instance: RAMMIPS:RAM
 19. Parameter Settings for User Entity Instance: muxGenerico2x1:MUX_RAM
 20. Analysis & Elaboration Settings
 21. Port Connectivity Checks: "RAMMIPS:RAM"
 22. Port Connectivity Checks: "registradorGenerico:PC"
 23. Analysis & Elaboration Messages



----------------
; Legal Notice ;
----------------
Copyright (C) 2020  Intel Corporation. All rights reserved.
Your use of Intel Corporation's design tools, logic functions 
and other software and tools, and any partner logic 
functions, and any output files from any of the foregoing 
(including device programming or simulation files), and any 
associated documentation or information are expressly subject 
to the terms and conditions of the Intel Program License 
Subscription Agreement, the Intel Quartus Prime License Agreement,
the Intel FPGA IP License Agreement, or other applicable license
agreement, including, without limitation, that your use is for
the sole purpose of programming logic devices manufactured by
Intel and sold by Intel or its authorized distributors.  Please
refer to the applicable agreement for further details, at
https://fpgasoftware.intel.com/eula.



+-----------------------------------------------------------------------------+
; Analysis & Elaboration Summary                                              ;
+-------------------------------+---------------------------------------------+
; Analysis & Elaboration Status ; Successful - Tue Nov 15 13:34:02 2022       ;
; Quartus Prime Version         ; 20.1.0 Build 711 06/05/2020 SJ Lite Edition ;
; Revision Name                 ; MIPS                                        ;
; Top-level Entity Name         ; MIPS                                        ;
; Family                        ; Cyclone V                                   ;
; Logic utilization (in ALMs)   ; N/A until Partition Merge                   ;
; Total registers               ; N/A until Partition Merge                   ;
; Total pins                    ; N/A until Partition Merge                   ;
; Total virtual pins            ; N/A until Partition Merge                   ;
; Total block memory bits       ; N/A until Partition Merge                   ;
; Total PLLs                    ; N/A until Partition Merge                   ;
; Total DLLs                    ; N/A until Partition Merge                   ;
+-------------------------------+---------------------------------------------+


+------------------------------------------+
; Parallel Compilation                     ;
+----------------------------+-------------+
; Processors                 ; Number      ;
+----------------------------+-------------+
; Number detected on machine ; 4           ;
; Maximum allowed            ; 4           ;
;                            ;             ;
; Average used               ; 1.00        ;
; Maximum used               ; 1           ;
;                            ;             ;
; Usage by Processor         ; % Time Used ;
;     Processor 1            ; 100.0%      ;
+----------------------------+-------------+


+----------------------------------------------------------------------+
; Parameter Settings for User Entity Instance: Top-level Entity: |MIPS ;
+------------------+-------+-------------------------------------------+
; Parameter Name   ; Value ; Type                                      ;
+------------------+-------+-------------------------------------------+
; larguraDados     ; 32    ; Signed Integer                            ;
; larguraEnderecos ; 32    ; Signed Integer                            ;
+------------------+-------+-------------------------------------------+
Note: In order to hide this table in the UI and the text report file, please set the "Show Parameter Settings in Synthesis Report" option in "Analysis and Synthesis Settings -> More Settings" to "Off".


+--------------------------------------------------------------------+
; Parameter Settings for User Entity Instance: muxGenerico2x1:MUX_PC ;
+----------------+-------+-------------------------------------------+
; Parameter Name ; Value ; Type                                      ;
+----------------+-------+-------------------------------------------+
; larguradados   ; 32    ; Signed Integer                            ;
+----------------+-------+-------------------------------------------+
Note: In order to hide this table in the UI and the text report file, please set the "Show Parameter Settings in Synthesis Report" option in "Analysis and Synthesis Settings -> More Settings" to "Off".


+---------------------------------------------------------------------+
; Parameter Settings for User Entity Instance: registradorGenerico:PC ;
+----------------+-------+--------------------------------------------+
; Parameter Name ; Value ; Type                                       ;
+----------------+-------+--------------------------------------------+
; larguradados   ; 32    ; Signed Integer                             ;
+----------------+-------+--------------------------------------------+
Note: In order to hide this table in the UI and the text report file, please set the "Show Parameter Settings in Synthesis Report" option in "Analysis and Synthesis Settings -> More Settings" to "Off".


+--------------------------------------------------------------------------+
; Parameter Settings for User Entity Instance: somaConstante:somaConstante ;
+----------------+-------+-------------------------------------------------+
; Parameter Name ; Value ; Type                                            ;
+----------------+-------+-------------------------------------------------+
; larguradados   ; 32    ; Signed Integer                                  ;
; constante      ; 4     ; Signed Integer                                  ;
+----------------+-------+-------------------------------------------------+
Note: In order to hide this table in the UI and the text report file, please set the "Show Parameter Settings in Synthesis Report" option in "Analysis and Synthesis Settings -> More Settings" to "Off".


+-------------------------------------------------------------------------------------+
; Parameter Settings for User Entity Instance: deslocadorGenerico:deslocador_2_MUX_PC ;
+--------------------+-------+--------------------------------------------------------+
; Parameter Name     ; Value ; Type                                                   ;
+--------------------+-------+--------------------------------------------------------+
; larguradadoentrada ; 26    ; Signed Integer                                         ;
; larguradadosaida   ; 28    ; Signed Integer                                         ;
; larguradados       ; 26    ; Signed Integer                                         ;
+--------------------+-------+--------------------------------------------------------+
Note: In order to hide this table in the UI and the text report file, please set the "Show Parameter Settings in Synthesis Report" option in "Analysis and Synthesis Settings -> More Settings" to "Off".


+----------------------------------------------------------+
; Parameter Settings for User Entity Instance: ROMMIPS:ROM ;
+-----------------+-------+--------------------------------+
; Parameter Name  ; Value ; Type                           ;
+-----------------+-------+--------------------------------+
; datawidth       ; 32    ; Signed Integer                 ;
; addrwidth       ; 32    ; Signed Integer                 ;
; memoryaddrwidth ; 6     ; Signed Integer                 ;
+-----------------+-------+--------------------------------+
Note: In order to hide this table in the UI and the text report file, please set the "Show Parameter Settings in Synthesis Report" option in "Analysis and Synthesis Settings -> More Settings" to "Off".


+--------------------------------------------------------------------------+
; Parameter Settings for User Entity Instance: muxGenerico2x1:MUX_REG_BANK ;
+----------------+-------+-------------------------------------------------+
; Parameter Name ; Value ; Type                                            ;
+----------------+-------+-------------------------------------------------+
; larguradados   ; 5     ; Signed Integer                                  ;
+----------------+-------+-------------------------------------------------+
Note: In order to hide this table in the UI and the text report file, please set the "Show Parameter Settings in Synthesis Report" option in "Analysis and Synthesis Settings -> More Settings" to "Off".


+---------------------------------------------------------------------------------+
; Parameter Settings for User Entity Instance: estendeSinalGenerico:ESTENDE_SINAL ;
+--------------------+-------+----------------------------------------------------+
; Parameter Name     ; Value ; Type                                               ;
+--------------------+-------+----------------------------------------------------+
; larguradadoentrada ; 16    ; Signed Integer                                     ;
; larguradadosaida   ; 32    ; Signed Integer                                     ;
+--------------------+-------+----------------------------------------------------+
Note: In order to hide this table in the UI and the text report file, please set the "Show Parameter Settings in Synthesis Report" option in "Analysis and Synthesis Settings -> More Settings" to "Off".


+----------------------------------------------------------------+
; Parameter Settings for User Entity Instance: bancoReg:BANCOREG ;
+---------------------+-------+----------------------------------+
; Parameter Name      ; Value ; Type                             ;
+---------------------+-------+----------------------------------+
; larguradados        ; 32    ; Signed Integer                   ;
; larguraendbancoregs ; 5     ; Signed Integer                   ;
+---------------------+-------+----------------------------------+
Note: In order to hide this table in the UI and the text report file, please set the "Show Parameter Settings in Synthesis Report" option in "Analysis and Synthesis Settings -> More Settings" to "Off".


+--------------------------------------------------------------------------------------+
; Parameter Settings for User Entity Instance: deslocadorGenerico:deslocador_2_somador ;
+--------------------+-------+---------------------------------------------------------+
; Parameter Name     ; Value ; Type                                                    ;
+--------------------+-------+---------------------------------------------------------+
; larguradadoentrada ; 32    ; Signed Integer                                          ;
; larguradadosaida   ; 32    ; Signed Integer                                          ;
; larguradados       ; 30    ; Signed Integer                                          ;
+--------------------+-------+---------------------------------------------------------+
Note: In order to hide this table in the UI and the text report file, please set the "Show Parameter Settings in Synthesis Report" option in "Analysis and Synthesis Settings -> More Settings" to "Off".


+----------------------------------------------------------------------+
; Parameter Settings for User Entity Instance: somadorGenerico:somador ;
+----------------+-------+---------------------------------------------+
; Parameter Name ; Value ; Type                                        ;
+----------------+-------+---------------------------------------------+
; larguradados   ; 32    ; Signed Integer                              ;
+----------------+-------+---------------------------------------------+
Note: In order to hide this table in the UI and the text report file, please set the "Show Parameter Settings in Synthesis Report" option in "Analysis and Synthesis Settings -> More Settings" to "Off".


+--------------------------------------------------------------------------+
; Parameter Settings for User Entity Instance: muxGenerico2x1:MUX_2_MUX_PC ;
+----------------+-------+-------------------------------------------------+
; Parameter Name ; Value ; Type                                            ;
+----------------+-------+-------------------------------------------------+
; larguradados   ; 32    ; Signed Integer                                  ;
+----------------+-------+-------------------------------------------------+
Note: In order to hide this table in the UI and the text report file, please set the "Show Parameter Settings in Synthesis Report" option in "Analysis and Synthesis Settings -> More Settings" to "Off".


+---------------------------------------------------------------------+
; Parameter Settings for User Entity Instance: muxGenerico2x1:MUX_ULA ;
+----------------+-------+--------------------------------------------+
; Parameter Name ; Value ; Type                                       ;
+----------------+-------+--------------------------------------------+
; larguradados   ; 32    ; Signed Integer                             ;
+----------------+-------+--------------------------------------------+
Note: In order to hide this table in the UI and the text report file, please set the "Show Parameter Settings in Synthesis Report" option in "Analysis and Synthesis Settings -> More Settings" to "Off".


+-------------------------------------------------------------+
; Parameter Settings for User Entity Instance: ULASomaSub:ULA ;
+----------------+-------+------------------------------------+
; Parameter Name ; Value ; Type                               ;
+----------------+-------+------------------------------------+
; larguradados   ; 32    ; Signed Integer                     ;
+----------------+-------+------------------------------------+
Note: In order to hide this table in the UI and the text report file, please set the "Show Parameter Settings in Synthesis Report" option in "Analysis and Synthesis Settings -> More Settings" to "Off".


+----------------------------------------------------------+
; Parameter Settings for User Entity Instance: RAMMIPS:RAM ;
+-----------------+-------+--------------------------------+
; Parameter Name  ; Value ; Type                           ;
+-----------------+-------+--------------------------------+
; datawidth       ; 32    ; Signed Integer                 ;
; addrwidth       ; 32    ; Signed Integer                 ;
; memoryaddrwidth ; 6     ; Signed Integer                 ;
+-----------------+-------+--------------------------------+
Note: In order to hide this table in the UI and the text report file, please set the "Show Parameter Settings in Synthesis Report" option in "Analysis and Synthesis Settings -> More Settings" to "Off".


+---------------------------------------------------------------------+
; Parameter Settings for User Entity Instance: muxGenerico2x1:MUX_RAM ;
+----------------+-------+--------------------------------------------+
; Parameter Name ; Value ; Type                                       ;
+----------------+-------+--------------------------------------------+
; larguradados   ; 32    ; Signed Integer                             ;
+----------------+-------+--------------------------------------------+
Note: In order to hide this table in the UI and the text report file, please set the "Show Parameter Settings in Synthesis Report" option in "Analysis and Synthesis Settings -> More Settings" to "Off".


+---------------------------------------------------------------------------------------------------------------------------+
; Analysis & Elaboration Settings                                                                                           ;
+---------------------------------------------------------------------------------+--------------------+--------------------+
; Option                                                                          ; Setting            ; Default Value      ;
+---------------------------------------------------------------------------------+--------------------+--------------------+
; Device                                                                          ; 5CEBA4F23C7        ;                    ;
; Top-level entity name                                                           ; MIPS               ; MIPS               ;
; Family name                                                                     ; Cyclone V          ; Cyclone V          ;
; Use smart compilation                                                           ; Off                ; Off                ;
; Enable parallel Assembler and Timing Analyzer during compilation                ; On                 ; On                 ;
; Enable compact report table                                                     ; Off                ; Off                ;
; Restructure Multiplexers                                                        ; Auto               ; Auto               ;
; MLAB Add Timing Constraints For Mixed-Port Feed-Through Mode Setting Don't Care ; Off                ; Off                ;
; Create Debugging Nodes for IP Cores                                             ; Off                ; Off                ;
; Preserve fewer node names                                                       ; On                 ; On                 ;
; Intel FPGA IP Evaluation Mode                                                   ; Enable             ; Enable             ;
; Verilog Version                                                                 ; Verilog_2001       ; Verilog_2001       ;
; VHDL Version                                                                    ; VHDL_1993          ; VHDL_1993          ;
; State Machine Processing                                                        ; Auto               ; Auto               ;
; Safe State Machine                                                              ; Off                ; Off                ;
; Extract Verilog State Machines                                                  ; On                 ; On                 ;
; Extract VHDL State Machines                                                     ; On                 ; On                 ;
; Ignore Verilog initial constructs                                               ; Off                ; Off                ;
; Iteration limit for constant Verilog loops                                      ; 5000               ; 5000               ;
; Iteration limit for non-constant Verilog loops                                  ; 250                ; 250                ;
; Add Pass-Through Logic to Inferred RAMs                                         ; On                 ; On                 ;
; Infer RAMs from Raw Logic                                                       ; On                 ; On                 ;
; Parallel Synthesis                                                              ; On                 ; On                 ;
; DSP Block Balancing                                                             ; Auto               ; Auto               ;
; NOT Gate Push-Back                                                              ; On                 ; On                 ;
; Power-Up Don't Care                                                             ; On                 ; On                 ;
; Remove Redundant Logic Cells                                                    ; Off                ; Off                ;
; Remove Duplicate Registers                                                      ; On                 ; On                 ;
; Ignore CARRY Buffers                                                            ; Off                ; Off                ;
; Ignore CASCADE Buffers                                                          ; Off                ; Off                ;
; Ignore GLOBAL Buffers                                                           ; Off                ; Off                ;
; Ignore ROW GLOBAL Buffers                                                       ; Off                ; Off                ;
; Ignore LCELL Buffers                                                            ; Off                ; Off                ;
; Ignore SOFT Buffers                                                             ; On                 ; On                 ;
; Limit AHDL Integers to 32 Bits                                                  ; Off                ; Off                ;
; Optimization Technique                                                          ; Balanced           ; Balanced           ;
; Carry Chain Length                                                              ; 70                 ; 70                 ;
; Auto Carry Chains                                                               ; On                 ; On                 ;
; Auto Open-Drain Pins                                                            ; On                 ; On                 ;
; Perform WYSIWYG Primitive Resynthesis                                           ; Off                ; Off                ;
; Auto ROM Replacement                                                            ; On                 ; On                 ;
; Auto RAM Replacement                                                            ; On                 ; On                 ;
; Auto DSP Block Replacement                                                      ; On                 ; On                 ;
; Auto Shift Register Replacement                                                 ; Auto               ; Auto               ;
; Allow Shift Register Merging across Hierarchies                                 ; Auto               ; Auto               ;
; Auto Clock Enable Replacement                                                   ; On                 ; On                 ;
; Strict RAM Replacement                                                          ; Off                ; Off                ;
; Allow Synchronous Control Signals                                               ; On                 ; On                 ;
; Force Use of Synchronous Clear Signals                                          ; Off                ; Off                ;
; Auto Resource Sharing                                                           ; Off                ; Off                ;
; Allow Any RAM Size For Recognition                                              ; Off                ; Off                ;
; Allow Any ROM Size For Recognition                                              ; Off                ; Off                ;
; Allow Any Shift Register Size For Recognition                                   ; Off                ; Off                ;
; Use LogicLock Constraints during Resource Balancing                             ; On                 ; On                 ;
; Ignore translate_off and synthesis_off directives                               ; Off                ; Off                ;
; Timing-Driven Synthesis                                                         ; On                 ; On                 ;
; Report Parameter Settings                                                       ; On                 ; On                 ;
; Report Source Assignments                                                       ; On                 ; On                 ;
; Report Connectivity Checks                                                      ; On                 ; On                 ;
; Ignore Maximum Fan-Out Assignments                                              ; Off                ; Off                ;
; Synchronization Register Chain Length                                           ; 3                  ; 3                  ;
; Power Optimization During Synthesis                                             ; Normal compilation ; Normal compilation ;
; HDL message level                                                               ; Level2             ; Level2             ;
; Suppress Register Optimization Related Messages                                 ; Off                ; Off                ;
; Number of Removed Registers Reported in Synthesis Report                        ; 5000               ; 5000               ;
; Number of Swept Nodes Reported in Synthesis Report                              ; 5000               ; 5000               ;
; Number of Inverted Registers Reported in Synthesis Report                       ; 100                ; 100                ;
; Clock MUX Protection                                                            ; On                 ; On                 ;
; Auto Gated Clock Conversion                                                     ; Off                ; Off                ;
; Block Design Naming                                                             ; Auto               ; Auto               ;
; SDC constraint protection                                                       ; Off                ; Off                ;
; Synthesis Effort                                                                ; Auto               ; Auto               ;
; Shift Register Replacement - Allow Asynchronous Clear Signal                    ; On                 ; On                 ;
; Pre-Mapping Resynthesis Optimization                                            ; Off                ; Off                ;
; Analysis & Synthesis Message Level                                              ; Medium             ; Medium             ;
; Disable Register Merging Across Hierarchies                                     ; Auto               ; Auto               ;
; Resource Aware Inference For Block RAM                                          ; On                 ; On                 ;
; Automatic Parallel Synthesis                                                    ; On                 ; On                 ;
; Partial Reconfiguration Bitstream ID                                            ; Off                ; Off                ;
+---------------------------------------------------------------------------------+--------------------+--------------------+


+--------------------------------------------+
; Port Connectivity Checks: "RAMMIPS:RAM"    ;
+----------+-------+----------+--------------+
; Port     ; Type  ; Severity ; Details      ;
+----------+-------+----------+--------------+
; habilita ; Input ; Info     ; Stuck at VCC ;
+----------+-------+----------+--------------+


+----------------------------------------------------+
; Port Connectivity Checks: "registradorGenerico:PC" ;
+--------+-------+----------+------------------------+
; Port   ; Type  ; Severity ; Details                ;
+--------+-------+----------+------------------------+
; enable ; Input ; Info     ; Stuck at VCC           ;
; rst    ; Input ; Info     ; Stuck at GND           ;
+--------+-------+----------+------------------------+


+---------------------------------+
; Analysis & Elaboration Messages ;
+---------------------------------+
Info: *******************************************************************
Info: Running Quartus Prime Analysis & Elaboration
    Info: Version 20.1.0 Build 711 06/05/2020 SJ Lite Edition
    Info: Processing started: Tue Nov 15 13:33:42 2022
Info: Command: quartus_map --read_settings_files=on --write_settings_files=off MIPS -c MIPS --analysis_and_elaboration
Warning (18236): Number of processors has not been specified which may cause overloading on shared machines.  Set the global assignment NUM_PARALLEL_PROCESSORS in your QSF to an appropriate value for best performance.
Info (20030): Parallel compilation is enabled and will use 4 of the 4 processors detected
Info (12021): Found 2 design units, including 1 entities, in source file deslocadorgenerico.vhd
    Info (12022): Found design unit 1: deslocadorGenerico-comportamento File: C:/Projetos-Descomp/Projeto-MIPS-RIJ/deslocadorGenerico.vhd Line: 18
    Info (12023): Found entity 1: deslocadorGenerico File: C:/Projetos-Descomp/Projeto-MIPS-RIJ/deslocadorGenerico.vhd Line: 6
Info (12021): Found 2 design units, including 1 entities, in source file ulasomasub.vhd
    Info (12022): Found design unit 1: ULASomaSub-comportamento File: C:/Projetos-Descomp/Projeto-MIPS-RIJ/ULASomaSub.vhd Line: 15
    Info (12023): Found entity 1: ULASomaSub File: C:/Projetos-Descomp/Projeto-MIPS-RIJ/ULASomaSub.vhd Line: 5
Info (12021): Found 2 design units, including 1 entities, in source file somaconstante.vhd
    Info (12022): Found design unit 1: somaConstante-comportamento File: C:/Projetos-Descomp/Projeto-MIPS-RIJ/somaConstante.vhd Line: 18
    Info (12023): Found entity 1: somaConstante File: C:/Projetos-Descomp/Projeto-MIPS-RIJ/somaConstante.vhd Line: 5
Info (12021): Found 2 design units, including 1 entities, in source file rommips.vhd
    Info (12022): Found design unit 1: ROMMIPS-assincrona File: C:/Projetos-Descomp/Projeto-MIPS-RIJ/ROMMIPS.vhd Line: 16
    Info (12023): Found entity 1: ROMMIPS File: C:/Projetos-Descomp/Projeto-MIPS-RIJ/ROMMIPS.vhd Line: 5
Info (12021): Found 2 design units, including 1 entities, in source file registradorgenerico.vhd
    Info (12022): Found design unit 1: registradorGenerico-comportamento File: C:/Projetos-Descomp/Projeto-MIPS-RIJ/registradorGenerico.vhd Line: 15
    Info (12023): Found entity 1: registradorGenerico File: C:/Projetos-Descomp/Projeto-MIPS-RIJ/registradorGenerico.vhd Line: 4
Info (12021): Found 2 design units, including 1 entities, in source file muxgenerico2x1.vhd
    Info (12022): Found design unit 1: muxGenerico2x1-comportamento File: C:/Projetos-Descomp/Projeto-MIPS-RIJ/muxGenerico2x1.vhd Line: 15
    Info (12023): Found entity 1: muxGenerico2x1 File: C:/Projetos-Descomp/Projeto-MIPS-RIJ/muxGenerico2x1.vhd Line: 5
Info (12021): Found 2 design units, including 1 entities, in source file mips.vhd
    Info (12022): Found design unit 1: MIPS-arquitetura File: C:/Projetos-Descomp/Projeto-MIPS-RIJ/MIPS.vhd Line: 26
    Info (12023): Found entity 1: MIPS File: C:/Projetos-Descomp/Projeto-MIPS-RIJ/MIPS.vhd Line: 4
Info (12021): Found 2 design units, including 1 entities, in source file bancoreg.vhd
    Info (12022): Found design unit 1: bancoReg-comportamento File: C:/Projetos-Descomp/Projeto-MIPS-RIJ/bancoReg.vhd Line: 30
    Info (12023): Found entity 1: bancoReg File: C:/Projetos-Descomp/Projeto-MIPS-RIJ/bancoReg.vhd Line: 7
Info (12021): Found 2 design units, including 1 entities, in source file rammips.vhd
    Info (12022): Found design unit 1: RAMMIPS-assincrona File: C:/Projetos-Descomp/Projeto-MIPS-RIJ/RAMMIPS.vhd Line: 18
    Info (12023): Found entity 1: RAMMIPS File: C:/Projetos-Descomp/Projeto-MIPS-RIJ/RAMMIPS.vhd Line: 5
Info (12021): Found 2 design units, including 1 entities, in source file estendesinalgenerico.vhd
    Info (12022): Found design unit 1: estendeSinalGenerico-comportamento File: C:/Projetos-Descomp/Projeto-MIPS-RIJ/estendeSinalGenerico.vhd Line: 19
    Info (12023): Found entity 1: estendeSinalGenerico File: C:/Projetos-Descomp/Projeto-MIPS-RIJ/estendeSinalGenerico.vhd Line: 4
Info (12021): Found 2 design units, including 1 entities, in source file somadorgenerico.vhd
    Info (12022): Found design unit 1: somadorGenerico-comportamento File: C:/Projetos-Descomp/Projeto-MIPS-RIJ/somadorGenerico.vhd Line: 17
    Info (12023): Found entity 1: somadorGenerico File: C:/Projetos-Descomp/Projeto-MIPS-RIJ/somadorGenerico.vhd Line: 5
Info (12021): Found 2 design units, including 1 entities, in source file decodergeneric.vhd
    Info (12022): Found design unit 1: decoderGeneric-comportamento File: C:/Projetos-Descomp/Projeto-MIPS-RIJ/decoderGeneric.vhd Line: 12
    Info (12023): Found entity 1: decoderGeneric File: C:/Projetos-Descomp/Projeto-MIPS-RIJ/decoderGeneric.vhd Line: 4
Info (12127): Elaborating entity "MIPS" for the top level hierarchy
Info (12128): Elaborating entity "muxGenerico2x1" for hierarchy "muxGenerico2x1:MUX_PC" File: C:/Projetos-Descomp/Projeto-MIPS-RIJ/MIPS.vhd Line: 69
Info (12128): Elaborating entity "registradorGenerico" for hierarchy "registradorGenerico:PC" File: C:/Projetos-Descomp/Projeto-MIPS-RIJ/MIPS.vhd Line: 78
Info (12128): Elaborating entity "somaConstante" for hierarchy "somaConstante:somaConstante" File: C:/Projetos-Descomp/Projeto-MIPS-RIJ/MIPS.vhd Line: 89
Info (12128): Elaborating entity "deslocadorGenerico" for hierarchy "deslocadorGenerico:deslocador_2_MUX_PC" File: C:/Projetos-Descomp/Projeto-MIPS-RIJ/MIPS.vhd Line: 96
Info (12128): Elaborating entity "ROMMIPS" for hierarchy "ROMMIPS:ROM" File: C:/Projetos-Descomp/Projeto-MIPS-RIJ/MIPS.vhd Line: 104
Info (12128): Elaborating entity "muxGenerico2x1" for hierarchy "muxGenerico2x1:MUX_REG_BANK" File: C:/Projetos-Descomp/Projeto-MIPS-RIJ/MIPS.vhd Line: 111
Info (12128): Elaborating entity "estendeSinalGenerico" for hierarchy "estendeSinalGenerico:ESTENDE_SINAL" File: C:/Projetos-Descomp/Projeto-MIPS-RIJ/MIPS.vhd Line: 120
Info (12128): Elaborating entity "bancoReg" for hierarchy "bancoReg:BANCOREG" File: C:/Projetos-Descomp/Projeto-MIPS-RIJ/MIPS.vhd Line: 127
Warning (10542): VHDL Variable Declaration warning at bancoReg.vhd(36): used initial value expression for variable "tmp" because variable was never assigned a value File: C:/Projetos-Descomp/Projeto-MIPS-RIJ/bancoReg.vhd Line: 36
Info (12128): Elaborating entity "deslocadorGenerico" for hierarchy "deslocadorGenerico:deslocador_2_somador" File: C:/Projetos-Descomp/Projeto-MIPS-RIJ/MIPS.vhd Line: 140
Info (12128): Elaborating entity "somadorGenerico" for hierarchy "somadorGenerico:somador" File: C:/Projetos-Descomp/Projeto-MIPS-RIJ/MIPS.vhd Line: 147
Info (12128): Elaborating entity "ULASomaSub" for hierarchy "ULASomaSub:ULA" File: C:/Projetos-Descomp/Projeto-MIPS-RIJ/MIPS.vhd Line: 175
Info (12128): Elaborating entity "RAMMIPS" for hierarchy "RAMMIPS:RAM" File: C:/Projetos-Descomp/Projeto-MIPS-RIJ/MIPS.vhd Line: 185
Info (12128): Elaborating entity "decoderGeneric" for hierarchy "decoderGeneric:Decorder_Controle_Fluxo" File: C:/Projetos-Descomp/Projeto-MIPS-RIJ/MIPS.vhd Line: 205
Info: Quartus Prime Analysis & Elaboration was successful. 0 errors, 2 warnings
    Info: Peak virtual memory: 9132 megabytes
    Info: Processing ended: Tue Nov 15 13:34:02 2022
    Info: Elapsed time: 00:00:20
    Info: Total CPU time (on all processors): 00:00:38


